3      * 3
2        2
1        1
0     [A]0


3    [*A]3
2        2
1        1
0        0


3     ]A[3
2        2
1        1
0        0
